INFO-FLOW: Workspace C:/Users/rajas/OneDrive/Desktop/hls_miniProject/solution1 opened at Fri Nov 21 23:39:37 +0530 2025
Execute     ap_set_clock -name default -period 10 -unit ns -default=false 
INFO: [SYN 201-201] Setting up clock 'default' with a period of 10ns.
Execute     set_part xc7a100t-csg324-1 
Execute       create_platform xc7a100t-csg324-1 -board  
DBG:HLSDevice: Trying to load device library: C:/Xilinx/Vitis_HLS/2024.1\lib\win64.o\xv_hlsvwrap.dll
DBG:HLSDevice: first parts/arch.xml in RDI_DATADIR: C:/Xilinx/Vivado/2024.1/data/parts/arch.xml
DBG:HLSDevice: init success
INFO: [HLS 200-1611] Setting target device to 'xc7a100t-csg324-1'
Command       create_platform done; 1.807 sec.
Execute       source C:/Xilinx/Vitis_HLS/2024.1/common/technology/xilinx/common/xilinx.gen 
Execute         source C:/Xilinx/Vitis_HLS/2024.1/common/technology/xilinx/interface/plb46.gen 
Execute         source C:/Xilinx/Vitis_HLS/2024.1/common/technology/xilinx/interface/axi4.gen 
Execute         source C:/Xilinx/Vitis_HLS/2024.1/common/technology/xilinx/interface/nativeAXI4.gen 
Execute           source C:/Xilinx/Vitis_HLS/2024.1/common/technology/xilinx/interface/saxilite.gen 
Execute         source C:/Xilinx/Vitis_HLS/2024.1/common/technology/xilinx/scripts/xilinxcoregen.gen 
Execute         source C:/Xilinx/Vitis_HLS/2024.1/common/technology/xilinx/interface/XilEDKCoreGen.gen 
Execute         source C:/Xilinx/Vitis_HLS/2024.1/common/technology/xilinx/ip/dds_compiler.gen 
Execute         source C:/Xilinx/Vitis_HLS/2024.1/common/technology/xilinx/ip/util.gen 
Execute         source C:/Xilinx/Vitis_HLS/2024.1/common/technology/xilinx/ip/xfft.gen 
Command         ap_source done; 0.104 sec.
Execute         source C:/Xilinx/Vitis_HLS/2024.1/common/technology/xilinx/ip/xfir.gen 
Execute         source C:/Xilinx/Vitis_HLS/2024.1/common/technology/xilinx/DSP48/dsp48.gen 
Command       ap_source done; 0.138 sec.
Execute       ap_part_info -name xc7a100t-csg324-1 -data info 
Execute       config_compile -quiet -complex-mul-dsp=0 
Command     set_part done; 1.987 sec.
Execute     send_msg_by_id INFO @200-1505@%s%s  vivado 
INFO: [HLS 200-1505] Using flow_target 'vivado'
Execute     send_msg_by_id INFO @200-1464@%s config_cosim -tool=xsim 
INFO: [HLS 200-1464] Running solution command: config_cosim -tool=xsim
Execute     config_cosim -tool=xsim 
Command   open_solution done; 2.053 sec.
Execute   set_part xc7a100tcsg324-1 
INFO: [HLS 200-1510] Running: set_part xc7a100tcsg324-1 
Execute     create_platform xc7a100tcsg324-1 -board  
Command     create_platform done; 0.243 sec.
Execute     source C:/Xilinx/Vitis_HLS/2024.1/common/technology/xilinx/common/xilinx.gen 
Execute       source C:/Xilinx/Vitis_HLS/2024.1/common/technology/xilinx/interface/plb46.gen 
Execute       source C:/Xilinx/Vitis_HLS/2024.1/common/technology/xilinx/interface/axi4.gen 
Execute       source C:/Xilinx/Vitis_HLS/2024.1/common/technology/xilinx/interface/nativeAXI4.gen 
Execute         source C:/Xilinx/Vitis_HLS/2024.1/common/technology/xilinx/interface/saxilite.gen 
Execute       source C:/Xilinx/Vitis_HLS/2024.1/common/technology/xilinx/scripts/xilinxcoregen.gen 
Execute       source C:/Xilinx/Vitis_HLS/2024.1/common/technology/xilinx/interface/XilEDKCoreGen.gen 
Execute       source C:/Xilinx/Vitis_HLS/2024.1/common/technology/xilinx/ip/dds_compiler.gen 
Execute       source C:/Xilinx/Vitis_HLS/2024.1/common/technology/xilinx/ip/util.gen 
Execute       source C:/Xilinx/Vitis_HLS/2024.1/common/technology/xilinx/ip/xfft.gen 
Execute       source C:/Xilinx/Vitis_HLS/2024.1/common/technology/xilinx/ip/xfir.gen 
Execute       source C:/Xilinx/Vitis_HLS/2024.1/common/technology/xilinx/DSP48/dsp48.gen 
Command     ap_source done; 0.111 sec.
Execute     ap_part_info -name xc7a100t-csg324-1 -data info 
Execute     config_compile -quiet -complex-mul-dsp=0 
Command   set_part done; 0.397 sec.
Execute   create_clock -period 10 -name default 
INFO: [HLS 200-1510] Running: create_clock -period 10 -name default 
Execute   config_cosim -tool xsim 
INFO: [HLS 200-1510] Running: config_cosim -tool xsim 
Execute   csynth_design 
INFO: [HLS 200-1510] Running: csynth_design 
INFO-FLOW: Running SLX 'csynth' proc: ::SLX::run_csynth
Execute     elaborate -effort=medium -skip_syncheck=0 -keep_printf=0 -skip_cdt=0 -skip_transform=0 -ng=0 -g=0 -opt_fp=0 -from_csynth_design=1 
INFO: [HLS 200-111] Finished File checks and directory preparation: CPU user time: 1 seconds. CPU system time: 0 seconds. Elapsed time: 0.224 seconds; current allocated memory: 205.152 MB.
Execute       set_directive_top ppg_rf_infer -name=ppg_rf_infer 
Execute       source C:/Xilinx/Vitis_HLS/2024.1/tps/tcl/tcllib1.11.1/yaml/huddle.tcl 
Execute       source C:/Xilinx/Vitis_HLS/2024.1/tps/tcl/tcllib1.11.1/yaml/json2huddle.tcl 
Execute         source C:/Xilinx/Vitis_HLS/2024.1/tps/tcl/tcllib1.11.1/try/try.tcl 
INFO: [HLS 200-10] Analyzing design file 'ppg_rf_hls/firmware/BDT.cpp' ... 
INFO-FLOW: Compiling one TU...
INFO-FLOW: Handling ppg_rf_hls/firmware/BDT.cpp as C++
Execute       ap_part_info -name xc7a100t-csg324-1 -data info 
INFO-FLOW: Running: GCC PP 39
INFO-FLOW: Source preprocessing
INFO-FLOW: run_clang exec: C:/Xilinx/Vitis_HLS/2024.1/win64/tools/clang-3.9-csynth/bin/clang ppg_rf_hls/firmware/BDT.cpp -foptimization-record-file=C:/Users/rajas/OneDrive/Desktop/hls_miniProject/solution1/.autopilot/db/BDT.cpp.clang.diag.yml -mllvm -pass-remarks-missed=reflow|pasta|unroll -mllvm -pass-remarks=reflow|pasta|unroll|inline -fno-limit-debug-info --sysroot C:/Xilinx/Vitis_HLS/2024.1/tps/mingw/8.3.0/win64.o/nt -fhls -fno-exceptions -insert-hls-directive=C:/Users/rajas/OneDrive/Desktop/hls_miniProject/solution1/.autopilot/db/all.directive.json -E -fno-math-errno -c -emit-llvm -mllvm -disable-llvm-optzns -Werror=implicit-function-declaration -Werror=implicit-hls-streams -Werror=return-type -Wpragmas -Wunused-parameter -Wdump-hls-pragmas -Wno-error=dump-hls-pragmas -hls-clock-period=10 -fno-threadsafe-statics -fno-use-cxa-atexit -std=gnu++14 -target fpga64-xilinx-mingw32 -fno-threadsafe-statics -fno-use-cxa-atexit -D__VITIS_HLS__ -DAESL_SYN -D__SYNTHESIS__ -D__HLS_SYN__ -I C:/Xilinx/Vitis_HLS/2024.1/common/technology/autopilot -I C:/Xilinx/Vitis_HLS/2024.1/common/technology/autopilot/ap_sysc -include etc/autopilot_ssdm_op.h -D__DSP48E1__ -I /usr/include/x86_64-linux-gnu -o C:/Users/rajas/OneDrive/Desktop/hls_miniProject/solution1/.autopilot/db/BDT.pp.0.cpp {-hls-platform-db-name=C:/Xilinx/Vitis_HLS/2024.1\common/technology\xilinx/common/platform.db} -hls-platform-name=artix7_slow -device-resource-info=BRAM_270.000000_DSP_240.000000_FF_126800.000000_LUT_63400.000000_SLICE_15850.000000_URAM_0.000000 -device-name-info=xc7a100tcsg324-1 > C:/Users/rajas/OneDrive/Desktop/hls_miniProject/solution1/.autopilot/db/BDT.cpp.clang.out.log 2> C:/Users/rajas/OneDrive/Desktop/hls_miniProject/solution1/.autopilot/db/BDT.cpp.clang.err.log
INFO-FLOW: Done: GCC PP 39 time: 2.4 seconds per iteration
INFO-FLOW: Source syntax check for synthesis
INFO-FLOW: run_clang exec: C:/Xilinx/Vitis_HLS/2024.1/win64/tools/clang-3.9-csynth/bin/clang -foptimization-record-file=C:/Users/rajas/OneDrive/Desktop/hls_miniProject/solution1/.autopilot/db/clang.diag.yml -mllvm -pass-remarks-missed=reflow|pasta|unroll -mllvm -pass-remarks=reflow|pasta|unroll|inline -fsyntax-only -fhls -target fpga64-xilinx-linux-gnu C:/Users/rajas/OneDrive/Desktop/hls_miniProject/solution1/.autopilot/db/BDT.pp.0.cpp {-hls-platform-db-name=C:/Xilinx/Vitis_HLS/2024.1\common/technology\xilinx/common/platform.db} -hls-platform-name=artix7_slow -device-resource-info=BRAM_270.000000_DSP_240.000000_FF_126800.000000_LUT_63400.000000_SLICE_15850.000000_URAM_0.000000 -device-name-info=xc7a100tcsg324-1 > C:/Users/rajas/OneDrive/Desktop/hls_miniProject/solution1/.autopilot/db/clang.out.log 2> C:/Users/rajas/OneDrive/Desktop/hls_miniProject/solution1/.autopilot/db/clang.err.log
ERROR: [HLS 207-3562] template argument for template type parameter must be a type (ppg_rf_hls/firmware/BDT.cpp:13:30)
INFO: [HLS 207-4531] template parameter is declared here (ppg_rf_hls/firmware/BDT.h:128:44)
ERROR: [HLS 207-1228] expected unqualified-id (ppg_rf_hls/firmware/BDT.cpp:18:9)
ERROR: [HLS 207-1237] extraneous closing brace ('}') (ppg_rf_hls/firmware/BDT.cpp:30:1)
INFO-FLOW: Error in clang_39_open_source : 
INFO-FLOW: Caught error in elaborate:  
    while executing
"ap_compile_CCPP $srcf $skip_transform CFLAGS $skip_cdt $objdir $is_xip"
    (procedure "AP::ap_compile_one_tu_39" line 53)
    invoked from within
"AP::ap_compile_one_tu_39 $srcfile $skip_transform $dbgInfo $skip_cdt "$cflags""
    ("foreach" body line 10)
    invoked from within
"foreach fentry $dut_files {
        #puts "file: $fentry"
        set fatt [lindex $fentry 1]
        array set opt $fatt
        set srcfile $opt(nam..."
    (procedure "AP::compile_dut_files_39" line 18)
    invoked from within
"AP::compile_dut_files_39 $dut_files $dbgInfo $skip_cdt $skip_transform"
    (procedure "AP::compile" line 108)
    invoked from within
"AP::compile 1 $skip_cdt $skip_transform"
    (procedure "ap_internal_elaborate" line 83)
    invoked from within
"ap_internal_elaborate "
Command     elaborate done; error code: 2; 8.935 sec.
INFO-FLOW: Caught error in csynth_design:  
    while executing
"ap_internal_csynth_design "
Command   csynth_design done; error code: 2; 9.151 sec.
INFO: [HLS 200-2161] Finished Command csynth_design Elapsed time: 00:00:09; Allocated memory: 1.062 MB.
Command ap_source done; error code: 1; 11.733 sec.
Execute cleanup_all 
